[0m22:47:50.229539 [debug] [MainThread]: Sending event: {'category': 'dbt', 'action': 'invocation', 'label': 'start', 'context': [<snowplow_tracker.self_describing_json.SelfDescribingJson object at 0x000002368793E510>, <snowplow_tracker.self_describing_json.SelfDescribingJson object at 0x00000236852A0E10>, <snowplow_tracker.self_describing_json.SelfDescribingJson object at 0x000002368A25B890>]}


============================== 22:47:50.233371 | e93c14a3-8f00-43fb-a181-2373394d1294 ==============================
[0m22:47:50.233371 [info ] [MainThread]: Running with dbt=1.12.3
[0m22:47:50.234063 [debug] [MainThread]: running dbt with arguments {'version_check': 'True', 'no_print': 'None', 'maximum_seed_size_mib': '1', 'warn_error_options': 'WarnErrorOptionsV2(error=[], warn=[], silence=[])', 'target_path': 'None', 'static_parser': 'True', 'printer_width': '80', 'write_json': 'True', 'introspect': 'True', 'log_cache_events': 'False', 'empty': 'None', 'cache_selected_only': 'False', 'log_format': 'default', 'debug': 'False', 'fail_fast': 'False', 'partial_parse': 'True', 'send_anonymous_usage_stats': 'True', 'quiet': 'False', 'warn_error': 'None', 'profiles_dir': 'C:\\Users\\LENOVO\\.dbt', 'invocation_command': 'dbt init us_aviation', 'hints_enabled': 'True', 'use_colors': 'True', 'use_experimental_parser': 'False', 'indirect_selection': 'eager', 'log_path': 'logs'}
[0m22:47:50.252064 [debug] [MainThread]: Starter project path: d:\App\us-aviation-analytics\.venv\Lib\site-packages\dbt\include\starter_project
[0m22:47:50.274646 [info ] [MainThread]: Setting up your profile.
[0m22:48:59.987908 [info ] [MainThread]: Profile us_aviation written to C:\Users\LENOVO\.dbt\profiles.yml using target's profile_template.yml and your supplied values.
[0m22:48:59.990045 [info ] [MainThread]: Running dbt debug to validate the project...
[0m22:48:59.990572 [info ] [MainThread]: dbt version: 1.12.3
[0m22:48:59.991097 [info ] [MainThread]: python version: 3.14.4
[0m22:48:59.991726 [info ] [MainThread]: python path: d:\App\us-aviation-analytics\.venv\Scripts\python.exe
[0m22:48:59.992242 [info ] [MainThread]: os info: Windows-11-10.0.26200-SP0
[0m22:49:00.076776 [info ] [MainThread]: Using profiles dir at C:\Users\LENOVO\.dbt
[0m22:49:00.077378 [info ] [MainThread]: Using profiles.yml file at C:\Users\LENOVO\.dbt\profiles.yml
[0m22:49:00.077811 [info ] [MainThread]: Using dbt_project.yml file at D:\App\us-aviation-analytics\dbt\us_aviation\dbt_project.yml
[0m22:49:00.078381 [info ] [MainThread]: adapter type: bigquery
[0m22:49:00.078889 [info ] [MainThread]: adapter version: 1.12.0
[0m22:49:00.182379 [info ] [MainThread]: Configuration:
[0m22:49:00.183132 [info ] [MainThread]:   profiles.yml file [[32mOK found and valid[0m]
[0m22:49:00.183648 [info ] [MainThread]:   dbt_project.yml file [[32mOK found and valid[0m]
[0m22:49:00.184051 [info ] [MainThread]: Required dependencies:
[0m22:49:00.184508 [debug] [MainThread]: Executing "git --help"
[0m22:49:00.239776 [debug] [MainThread]: STDOUT: "b"usage: git [-v | --version] [-h | --help] [-C <path>] [-c <name>=<value>]\n           [--exec-path[=<path>]] [--html-path] [--man-path] [--info-path]\n           [-p | --paginate | -P | --no-pager] [--no-replace-objects] [--no-lazy-fetch]\n           [--no-optional-locks] [--no-advice] [--bare] [--git-dir=<path>]\n           [--work-tree=<path>] [--namespace=<name>] [--config-env=<name>=<envvar>]\n           <command> [<args>]\n\nThese are common Git commands used in various situations:\n\nstart a working area (see also: git help tutorial)\n   clone      Clone a repository into a new directory\n   init       Create an empty Git repository or reinitialize an existing one\n\nwork on the current change (see also: git help everyday)\n   add        Add file contents to the index\n   mv         Move or rename a file, a directory, or a symlink\n   restore    Restore working tree files\n   rm         Remove files from the working tree and from the index\n\nexamine the history and state (see also: git help revisions)\n   bisect     Use binary search to find the commit that introduced a bug\n   diff       Show changes between commits, commit and working tree, etc\n   grep       Print lines matching a pattern\n   log        Show commit logs\n   show       Show various types of objects\n   status     Show the working tree status\n\ngrow, mark and tweak your common history\n   backfill   Download missing objects in a partial clone\n   branch     List, create, or delete branches\n   commit     Record changes to the repository\n   history    EXPERIMENTAL: Rewrite history\n   merge      Join two or more development histories together\n   rebase     Reapply commits on top of another base tip\n   reset      Set `HEAD` or the index to a known state\n   switch     Switch branches\n   tag        Create, list, delete or verify tags\n\ncollaborate (see also: git help workflows)\n   fetch      Download objects and refs from another repository\n   pull       Fetch from and integrate with another repository or a local branch\n   push       Update remote refs along with associated objects\n\n'git help -a' and 'git help -g' list available subcommands and some\nconcept guides. See 'git help <command>' or 'git help <concept>'\nto read about a specific subcommand or concept.\nSee 'git help git' for an overview of the system.\n""
[0m22:49:00.240624 [debug] [MainThread]: STDERR: "b''"
[0m22:49:00.241134 [info ] [MainThread]:  - git [[32mOK found[0m]

[0m22:49:00.241693 [info ] [MainThread]: Connection:
[0m22:49:00.242170 [info ] [MainThread]:   method: oauth
[0m22:49:00.242445 [info ] [MainThread]:   database: us-aviation-analytics
[0m22:49:00.242854 [info ] [MainThread]:   execution_project: us-aviation-analytics
[0m22:49:00.243392 [info ] [MainThread]:   schema: staging
[0m22:49:00.243925 [info ] [MainThread]:   location: US
[0m22:49:00.244298 [info ] [MainThread]:   priority: interactive
[0m22:49:00.244703 [info ] [MainThread]:   maximum_bytes_billed: None
[0m22:49:00.245187 [info ] [MainThread]:   reservation: None
[0m22:49:00.245650 [info ] [MainThread]:   impersonate_service_account: None
[0m22:49:00.246090 [info ] [MainThread]:   job_retry_deadline_seconds: None
[0m22:49:00.246485 [info ] [MainThread]:   job_retries: 1
[0m22:49:00.246910 [info ] [MainThread]:   job_creation_timeout_seconds: None
[0m22:49:00.247235 [info ] [MainThread]:   job_execution_timeout_seconds: 300
[0m22:49:00.247566 [info ] [MainThread]:   job_link_info_level_log: False
[0m22:49:00.248048 [info ] [MainThread]:   timeout_seconds: 300
[0m22:49:00.248509 [info ] [MainThread]:   client_id: None
[0m22:49:00.248819 [info ] [MainThread]:   token_uri: None
[0m22:49:00.249107 [info ] [MainThread]:   compute_region: None
[0m22:49:00.249418 [info ] [MainThread]:   dataproc_cluster_name: None
[0m22:49:00.249853 [info ] [MainThread]:   gcs_bucket: None
[0m22:49:00.250426 [info ] [MainThread]:   dataproc_batch: None
[0m22:49:00.251295 [info ] [MainThread]: Registered adapter: bigquery=1.12.0
[0m22:49:00.582313 [debug] [MainThread]: Acquiring new bigquery connection 'debug'
[0m22:49:00.582721 [debug] [MainThread]: On debug: select 1 as id
[0m22:49:00.583016 [debug] [MainThread]: Opening a new connection, currently in state init
[0m22:49:02.993573 [debug] [MainThread]: BigQuery adapter: https://console.cloud.google.com/bigquery?project=us-aviation-analytics&j=bq:US:6f670d6e-297a-4bca-9935-1b2a76b9e19d&page=queryresults
[0m22:49:03.634351 [debug] [MainThread]: SQL status: OK in 0.640 seconds
[0m22:49:09.080379 [info ] [MainThread]:   Connection test: [[32mOK connection ok[0m]

[0m22:49:09.082338 [info ] [MainThread]: [32mAll checks passed![0m
[0m22:49:09.083868 [info ] [MainThread]: Your new dbt project "us_aviation" was created!
Initialized new project in D:\App\us-aviation-analytics\dbt\us_aviation\us_aviation

For more information on how to configure the profiles.yml file,
please consult the dbt documentation here:

  https://docs.getdbt.com/docs/configure-your-profile

One more thing:

Need help? Don't hesitate to reach out to us via GitHub issues or on Slack:

  https://community.getdbt.com/

Happy modeling!

[0m22:49:09.086965 [debug] [MainThread]: Command `dbt init` succeeded at 22:49:09.086738 after 78.99 seconds
[0m22:49:09.087368 [debug] [MainThread]: Connection 'debug' was properly closed.
[0m22:49:09.087745 [debug] [MainThread]: Sending event: {'category': 'dbt', 'action': 'invocation', 'label': 'end', 'context': [<snowplow_tracker.self_describing_json.SelfDescribingJson object at 0x000002368A1EC9D0>, <snowplow_tracker.self_describing_json.SelfDescribingJson object at 0x000002369DE6B890>, <snowplow_tracker.self_describing_json.SelfDescribingJson object at 0x000002369DD94270>]}
[0m22:49:09.088181 [debug] [MainThread]: Flushing usage events
[0m22:49:10.295471 [debug] [MainThread]: An error was encountered while trying to flush usage events
[0m17:40:23.631850 [debug] [MainThread]: Sending event: {'category': 'dbt', 'action': 'invocation', 'label': 'start', 'context': [<snowplow_tracker.self_describing_json.SelfDescribingJson object at 0x000001ED2DEAE510>, <snowplow_tracker.self_describing_json.SelfDescribingJson object at 0x000001ED2B80CF50>, <snowplow_tracker.self_describing_json.SelfDescribingJson object at 0x000001ED307D3890>]}


============================== 17:40:23.636091 | 1f4f4399-c5c2-4f69-b344-df4d234d3465 ==============================
[0m17:40:23.636091 [info ] [MainThread]: Running with dbt=1.12.3
[0m17:40:23.637019 [debug] [MainThread]: running dbt with arguments {'static_parser': 'True', 'no_print': 'None', 'maximum_seed_size_mib': '1', 'warn_error_options': 'WarnErrorOptionsV2(error=[], warn=[], silence=[])', 'version_check': 'True', 'target_path': 'None', 'printer_width': '80', 'write_json': 'True', 'introspect': 'True', 'log_cache_events': 'False', 'empty': 'None', 'cache_selected_only': 'False', 'fail_fast': 'False', 'debug': 'False', 'log_format': 'default', 'partial_parse': 'True', 'send_anonymous_usage_stats': 'True', 'quiet': 'False', 'warn_error': 'None', 'profiles_dir': 'C:\\Users\\LENOVO\\.dbt', 'use_colors': 'True', 'hints_enabled': 'True', 'invocation_command': 'dbt deps', 'use_experimental_parser': 'False', 'indirect_selection': 'eager', 'log_path': 'D:\\App\\us-aviation-analytics\\dbt\\logs'}
[0m17:40:23.793968 [debug] [MainThread]: Sending event: {'category': 'dbt', 'action': 'project_id', 'label': '1f4f4399-c5c2-4f69-b344-df4d234d3465', 'context': [<snowplow_tracker.self_describing_json.SelfDescribingJson object at 0x000001ED3075D5B0>]}
[0m17:40:23.818892 [debug] [MainThread]: Set downloads directory='C:\Users\LENOVO\AppData\Local\Temp\dbt-downloads-r2st_cnv'
[0m17:40:23.819838 [debug] [MainThread]: Making package index registry request: GET https://hub.getdbt.com/api/v1/index.json
[0m17:40:25.605096 [debug] [MainThread]: Response from registry index: GET https://hub.getdbt.com/api/v1/index.json 200
[0m17:40:25.608391 [debug] [MainThread]: Making package registry request: GET https://hub.getdbt.com/api/v1/dbt-labs/dbt_utils.json
[0m17:40:26.029536 [debug] [MainThread]: Response from registry: GET https://hub.getdbt.com/api/v1/dbt-labs/dbt_utils.json 200
[0m17:40:26.059518 [info ] [MainThread]: Updating lock file in file path: D:\App\us-aviation-analytics\dbt/package-lock.yml
[0m17:40:26.072307 [debug] [MainThread]: Set downloads directory='C:\Users\LENOVO\AppData\Local\Temp\dbt-downloads-i6bq5nil'
[0m17:40:26.077072 [info ] [MainThread]: Installing dbt-labs/dbt_utils
[0m17:40:28.918283 [info ] [MainThread]: Installed from version 1.4.1
[0m17:40:28.918919 [info ] [MainThread]: Up to date!
[0m17:40:28.919408 [debug] [MainThread]: Sending event: {'category': 'dbt', 'action': 'package', 'label': '1f4f4399-c5c2-4f69-b344-df4d234d3465', 'property_': 'install', 'context': [<snowplow_tracker.self_describing_json.SelfDescribingJson object at 0x000001ED2EB05370>, <snowplow_tracker.self_describing_json.SelfDescribingJson object at 0x000001ED30971040>]}
[0m17:40:28.921850 [debug] [MainThread]: Command `dbt deps` succeeded at 17:40:28.921375 after 5.45 seconds
[0m17:40:28.922514 [debug] [MainThread]: Sending event: {'category': 'dbt', 'action': 'invocation', 'label': 'end', 'context': [<snowplow_tracker.self_describing_json.SelfDescribingJson object at 0x000001ED30B01D50>, <snowplow_tracker.self_describing_json.SelfDescribingJson object at 0x000001ED309DC8C0>, <snowplow_tracker.self_describing_json.SelfDescribingJson object at 0x000001ED309DC9B0>]}
[0m17:40:28.922899 [debug] [MainThread]: Flushing usage events
[0m17:40:30.534263 [debug] [MainThread]: An error was encountered while trying to flush usage events
